// Jest Snapshot v1, https://goo.gl/fbAQLP

exports[`ProductsListFilters render correctly 1`] = `
<div
  class="products-list-filters card p-4 shadow-sm"
>
  <b-form-group-stub
    class="products-list-filters__search"
    feedbackarialive="assertive"
    label="Программы НМО"
  >
    <b-form-input-stub
      debounce="0"
      formatter="[Function]"
      placeholder="Поиск"
      type="text"
      value=""
    />
  </b-form-group-stub>
   
  <hr
    class="mt-3 mb-4"
  />
   
  <div
    class="products-list-filters__categories"
  >
    <h5
      class="d-block mb-3"
    >
      
      Категории
    
    </h5>
     
    <b-nav-stub
      pills="true"
      tag="ul"
      vertical="true"
    >
      <b-nav-item-stub
        active="true"
        linkattrs="[object Object]"
        target="_self"
      >
        
        Все категории
      
      </b-nav-item-stub>
       
      <b-nav-item-stub
        linkattrs="[object Object]"
        target="_self"
      >
        
        Категория 1
      
      </b-nav-item-stub>
      <b-nav-item-stub
        linkattrs="[object Object]"
        target="_self"
      >
        
        Категория 2
      
      </b-nav-item-stub>
      <b-nav-item-stub
        linkattrs="[object Object]"
        target="_self"
      >
        
        Категория 3
      
      </b-nav-item-stub>
      <b-nav-item-stub
        linkattrs="[object Object]"
        target="_self"
      >
        
        Категория 4
      
      </b-nav-item-stub>
      <b-nav-item-stub
        linkattrs="[object Object]"
        target="_self"
      >
        
        Категория 5
      
      </b-nav-item-stub>
    </b-nav-stub>
  </div>
</div>
`;
